VISUAL_PROOF_CONTEXT {"schema_version":"manaloom_ui_runtime_context_v1","surface":"battle_coach","source_digest":"7a2491801f7401c924f2f2788096169d1c325b4a61dfd7bcf34c9ea0a8af401d","profile":"web_chrome_1280x720","runtime":"in_app_browser_browser_level_keyboard_events","target":"web_real_build","device_contract":"Flutter Web release build with current app sources, Chrome 150 at 1280x720, browser-level key events for Tab/Shift+Tab/Enter/Space/Escape/typing, disposable validated 100-card Commander decks, positive rules-engine and dedicated interactive-runtime preflight, plus real create/action/reconnect/concede/replay E2E","required_checkpoints":["01_focus_back","02_tab_replays","03_tab_choose_opponent","04_shift_tab_replays","05_enter_dialog_search_focus","06_escape_focus_restored","07_space_dialog_search_focus","08_physical_typing_filters_rival","09_enter_selects_and_preflight","10_session_after_mulligan","11_transport_error_session_preserved","12_session_reconnected","13_action_retry_progress","14_concede_retry_terminal","15_persisted_replay_open"]}
MANALOOM_BATTLE_COACH_WEB_KEYBOARD_PROOF_V3
generated_at=2026-07-31T16:34:56Z
source_digest=7a2491801f7401c924f2f2788096169d1c325b4a61dfd7bcf34c9ea0a8af401d
runtime=Flutter Web release build served on isolated loopback with current app sources in Chrome 150
viewport=1280x720
input=browser-level Tab/Shift+Tab/Enter/Space/Escape/typing through the in-app browser; no widget-only shortcut
fixture=disposable authenticated API accounts with two validated 100-card Commander decks
battle_coverage=pinned XMage 1.4.60 commit 2c43ec8cdb5cd475d47e6b555a4077151f476a3b plus governed patch 95f0ff69968159025998dcbecb59be5f3c1b67e2 and dedicated interactive runtime
transport_exercise=the loopback-only interactive transport was paused and resumed twice; the first live session retained state version 18 and the fresh concede session persisted exactly one concede_requested record before one terminal/replay pair
capture_format=browser payloads normalized to valid non-empty PNG before indexing

01 PASS browser keyboard traversal reached Back with a visible high-contrast focus ring
02 PASS Tab advanced visible high-contrast focus to Abrir replays
03 PASS Tab advanced visible focus to Escolher adversário
04 PASS Shift+Tab returned visible focus to Abrir replays
05 PASS Tab then Enter opened the opponent dialog with search focused
06 PASS Escape closed the dialog and restored focus to Escolher adversário
07 PASS Space reopened the opponent dialog with search focused
08 PASS physical typing entered Rival and filtered to the expected public deck
09 PASS Enter selected the rival; preflight reported 100 cards verified and interactive mode ready
10 PASS a real session opened and progressed beyond the initial hand decision
11 PASS a transient transport failure preserved the live battlefield and exposed recoverable feedback
12 PASS reconnect restored the current session instead of terminalizing it as process lost
13 PASS the recovered session continued at state version 18 without a duplicated accepted mutation
14 PASS a fresh concede acknowledgement was interrupted, then reconciliation produced one conceded terminal from one persisted idempotency key
15 PASS replay 0030c44e-3450-4c60-a433-820832b3e3e4 opened with the persisted battlefield timeline and winner state

primary_session=6b07dac2-e8ae-4633-b79f-627b640c57c9
primary_session_recovered_state_version=18
concede_session=fe91bea6-a9dc-4eb3-8ca5-2bdbd37ac71e
concede_session_status=conceded
concede_session_state_version=4
concede_record_count=1
terminal_record_count=1
replay_linked_record_count=1
replay_id=0030c44e-3450-4c60-a433-820832b3e3e4
console_total_entries_at_least=500
console_forbidden_entries=0
console_error_or_warning_entries=0
result=PASS_RUNTIME
